mode: atomic
github.com/dnesting/sense/debug.go:20.33,21.24 1 0
github.com/dnesting/sense/debug.go:21.24,23.3 1 0
github.com/dnesting/sense/debug.go:26.79,30.15 3 0
github.com/dnesting/sense/debug.go:30.15,32.3 1 0
github.com/dnesting/sense/debug.go:33.2,34.16 2 0
github.com/dnesting/sense/debug.go:34.16,37.3 2 0
github.com/dnesting/sense/debug.go:38.2,39.18 2 0
github.com/dnesting/sense/debug.go:45.68,46.23 1 0
github.com/dnesting/sense/debug.go:46.23,48.3 1 0
github.com/dnesting/sense/debug.go:49.2,54.3 4 0
github.com/dnesting/sense/device.go:20.38,27.4 2 0
github.com/dnesting/sense/device.go:27.4,28.45 1 0
github.com/dnesting/sense/device.go:28.45,30.4 1 0
github.com/dnesting/sense/device.go:32.2,32.11 1 0
github.com/dnesting/sense/device.go:35.42,36.29 1 0
github.com/dnesting/sense/device.go:36.29,38.3 1 0
github.com/dnesting/sense/device.go:39.2,39.11 1 0
github.com/dnesting/sense/device.go:43.112,50.68 2 0
github.com/dnesting/sense/device.go:50.68,52.3 1 0
github.com/dnesting/sense/device.go:53.2,53.47 1 0
github.com/dnesting/sense/device.go:53.47,62.3 1 0
github.com/dnesting/sense/device.go:63.2,63.18 1 0
github.com/dnesting/sense/options.go:34.53,35.29 1 1
github.com/dnesting/sense/options.go:35.29,37.3 1 1
github.com/dnesting/sense/options.go:43.45,44.29 1 0
github.com/dnesting/sense/options.go:44.29,46.3 1 0
github.com/dnesting/sense/options.go:52.55,53.29 1 0
github.com/dnesting/sense/options.go:53.29,56.3 2 0
github.com/dnesting/sense/options.go:62.79,63.29 1 1
github.com/dnesting/sense/options.go:63.29,66.3 2 1
github.com/dnesting/sense/options.go:73.37,74.29 1 0
github.com/dnesting/sense/options.go:74.29,76.3 1 0
github.com/dnesting/sense/options.go:79.63,80.25 1 2
github.com/dnesting/sense/options.go:80.25,82.3 1 2
github.com/dnesting/sense/options.go:84.2,84.29 1 2
github.com/dnesting/sense/options.go:84.29,86.3 1 0
github.com/dnesting/sense/options.go:87.2,87.24 1 2
github.com/dnesting/sense/options.go:87.24,89.3 1 0
github.com/dnesting/sense/options.go:90.2,90.15 1 2
github.com/dnesting/sense/sense.go:43.34,45.2 1 1
github.com/dnesting/sense/sense.go:48.37,50.2 1 1
github.com/dnesting/sense/sense.go:53.42,55.2 1 1
github.com/dnesting/sense/sense.go:76.46,76.47 0 0
github.com/dnesting/sense/sense.go:99.34,102.2 2 2
github.com/dnesting/sense/sense.go:104.46,109.2 4 2
github.com/dnesting/sense/sense.go:113.61,123.15 2 4
github.com/dnesting/sense/sense.go:123.15,125.3 1 0
github.com/dnesting/sense/sense.go:127.2,131.26 3 4
github.com/dnesting/sense/sense.go:131.26,133.3 1 4
github.com/dnesting/sense/sense.go:133.8,133.32 1 0
github.com/dnesting/sense/sense.go:133.32,135.3 1 0
github.com/dnesting/sense/sense.go:136.2,137.15 2 4
github.com/dnesting/sense/sense.go:137.15,139.3 1 0
github.com/dnesting/sense/sense.go:140.2,140.13 1 4
github.com/dnesting/sense/sense.go:140.13,142.3 1 4
github.com/dnesting/sense/sense.go:143.2,146.24 2 4
github.com/dnesting/sense/sense.go:146.24,148.3 1 4
github.com/dnesting/sense/sense.go:149.2,152.16 3 4
github.com/dnesting/sense/sense.go:152.16,154.13 1 0
github.com/dnesting/sense/sense.go:156.2,156.11 1 4
github.com/dnesting/sense/sense.go:159.76,166.2 1 4
github.com/dnesting/sense/sense.go:173.88,174.30 1 1
github.com/dnesting/sense/sense.go:174.30,176.3 1 2
github.com/dnesting/sense/sense.go:177.2,177.23 1 1
github.com/dnesting/sense/sense.go:185.87,187.18 2 1
github.com/dnesting/sense/sense.go:187.18,189.3 1 1
github.com/dnesting/sense/sense.go:190.2,190.15 1 0
github.com/dnesting/sense/sense.go:208.77,218.18 8 1
github.com/dnesting/sense/sense.go:218.18,220.3 1 0
github.com/dnesting/sense/sense.go:222.2,222.47 1 1
github.com/dnesting/sense/sense.go:222.47,224.3 1 0
github.com/dnesting/sense/sense.go:227.2,231.16 5 1
github.com/dnesting/sense/sense.go:231.16,233.3 1 0
github.com/dnesting/sense/sense.go:234.2,235.74 2 1
github.com/dnesting/sense/sense.go:235.74,237.3 1 0
github.com/dnesting/sense/sense.go:241.2,251.42 8 1
github.com/dnesting/sense/sense.go:251.42,256.3 1 0
github.com/dnesting/sense/sense.go:258.2,258.12 1 1
github.com/dnesting/sense/sense.go:263.33,264.14 1 3
github.com/dnesting/sense/sense.go:264.14,266.3 1 3
github.com/dnesting/sense/sense.go:267.2,267.11 1 0
github.com/dnesting/sense/stream.go:18.93,20.2 1 1
github.com/dnesting/sense/stream.go:27.89,28.40 1 4
github.com/dnesting/sense/stream.go:28.40,31.3 1 3
github.com/dnesting/sense/stream.go:32.2,39.20 2 1
github.com/dnesting/sense/stream.go:39.20,41.3 1 1
github.com/dnesting/sense/stream.go:42.2,42.10 1 1
github.com/dnesting/sense/realtime/debug.go:11.49,12.24 1 14
github.com/dnesting/sense/realtime/debug.go:12.24,14.3 1 5
github.com/dnesting/sense/realtime/debug.go:26.30,28.2 1 1
github.com/dnesting/sense/realtime/realtime.go:59.33,59.51 1 5
github.com/dnesting/sense/realtime/realtime.go:73.39,75.2 1 2
github.com/dnesting/sense/realtime/realtime.go:95.40,97.2 1 2
github.com/dnesting/sense/realtime/realtime.go:144.43,146.2 1 5
github.com/dnesting/sense/realtime/realtime.go:195.38,197.2 1 2
github.com/dnesting/sense/realtime/realtime.go:213.44,215.2 1 2
github.com/dnesting/sense/realtime/realtime.go:239.56,243.59 2 12
github.com/dnesting/sense/realtime/realtime.go:243.59,244.34 1 0
github.com/dnesting/sense/realtime/realtime.go:244.34,247.4 2 0
github.com/dnesting/sense/realtime/realtime.go:248.3,248.18 1 0
github.com/dnesting/sense/realtime/realtime.go:251.2,251.28 1 12
github.com/dnesting/sense/realtime/realtime.go:252.15,254.48 2 3
github.com/dnesting/sense/realtime/realtime.go:254.48,256.4 1 3
github.com/dnesting/sense/realtime/realtime.go:257.22,259.48 2 1
github.com/dnesting/sense/realtime/realtime.go:259.48,261.4 1 1
github.com/dnesting/sense/realtime/realtime.go:262.23,264.48 2 1
github.com/dnesting/sense/realtime/realtime.go:264.48,266.4 1 1
github.com/dnesting/sense/realtime/realtime.go:267.25,269.48 2 5
github.com/dnesting/sense/realtime/realtime.go:269.48,271.4 1 5
github.com/dnesting/sense/realtime/realtime.go:272.21,274.48 2 1
github.com/dnesting/sense/realtime/realtime.go:274.48,276.4 1 1
github.com/dnesting/sense/realtime/realtime.go:277.28,279.48 2 1
github.com/dnesting/sense/realtime/realtime.go:279.48,281.4 1 1
github.com/dnesting/sense/realtime/realtime.go:282.10,283.67 1 0
github.com/dnesting/sense/realtime/realtime.go:285.2,285.16 1 12
github.com/dnesting/sense/realtime/realtime.go:285.16,286.50 1 0
github.com/dnesting/sense/realtime/realtime.go:286.50,289.4 2 0
github.com/dnesting/sense/realtime/realtime.go:290.3,290.18 1 0
github.com/dnesting/sense/realtime/realtime.go:292.2,292.17 1 12
github.com/dnesting/sense/realtime/realtime.go:317.119,319.2 1 0
github.com/dnesting/sense/realtime/realtime.go:349.85,358.16 3 3
github.com/dnesting/sense/realtime/realtime.go:358.16,360.3 1 0
github.com/dnesting/sense/realtime/realtime.go:361.2,367.22 3 3
github.com/dnesting/sense/realtime/realtime.go:367.22,369.3 1 0
github.com/dnesting/sense/realtime/realtime.go:371.2,372.23 2 3
github.com/dnesting/sense/realtime/realtime.go:372.23,374.17 2 1
github.com/dnesting/sense/realtime/realtime.go:374.17,376.4 1 0
github.com/dnesting/sense/realtime/realtime.go:377.3,377.53 1 1
github.com/dnesting/sense/realtime/realtime.go:379.2,380.30 2 3
github.com/dnesting/sense/realtime/realtime.go:384.70,385.6 1 3
github.com/dnesting/sense/realtime/realtime.go:385.6,387.17 2 14
github.com/dnesting/sense/realtime/realtime.go:387.17,389.4 1 1
github.com/dnesting/sense/realtime/realtime.go:390.3,390.37 1 12
github.com/dnesting/sense/realtime/realtime.go:390.37,391.12 1 0
github.com/dnesting/sense/realtime/realtime.go:393.3,394.17 2 12
github.com/dnesting/sense/realtime/realtime.go:394.17,396.4 1 12
github.com/dnesting/sense/realtime/realtime.go:401.73,404.12 3 3
github.com/dnesting/sense/realtime/realtime.go:404.12,407.3 2 3
github.com/dnesting/sense/realtime/realtime.go:409.2,409.6 1 3
github.com/dnesting/sense/realtime/realtime.go:409.6,410.10 1 12
github.com/dnesting/sense/realtime/realtime.go:411.21,412.54 1 0
github.com/dnesting/sense/realtime/realtime.go:413.24,414.11 1 12
github.com/dnesting/sense/realtime/realtime.go:414.11,416.5 1 1
github.com/dnesting/sense/realtime/realtime.go:417.4,417.24 1 11
github.com/dnesting/sense/realtime/realtime.go:417.24,423.5 5 11
github.com/dnesting/sense/realtime/realtime.go:424.4,424.18 1 11
github.com/dnesting/sense/realtime/realtime.go:424.18,425.20 1 2
github.com/dnesting/sense/realtime/realtime.go:425.20,428.6 2 2
github.com/dnesting/sense/realtime/realtime.go:429.5,430.15 2 0
github.com/dnesting/sense/realtime/realtime.go:439.86,444.16 4 3
github.com/dnesting/sense/realtime/realtime.go:444.16,447.3 2 0
github.com/dnesting/sense/realtime/realtime.go:449.2,450.19 2 3
github.com/dnesting/sense/realtime/realtime.go:450.19,452.3 1 0
github.com/dnesting/sense/realtime/realtime.go:454.2,456.16 3 3
github.com/dnesting/sense/realtime/realtime.go:456.16,460.3 3 0
github.com/dnesting/sense/realtime/realtime.go:462.2,462.54 1 3
github.com/dnesting/sense/realtime/realtime.go:462.54,463.20 1 1
github.com/dnesting/sense/realtime/realtime.go:463.20,465.4 1 1
github.com/dnesting/sense/realtime/realtime.go:465.9,468.4 2 0
github.com/dnesting/sense/realtime/realtime.go:470.2,470.12 1 3
